
_Unwind_DeleteException@LIBC_R
_Unwind_GetIP@LIBC_R
_Unwind_GetLanguageSpecificData@LIBC_R
_Unwind_GetRegionStart@LIBC_R
_Unwind_RaiseException@LIBC_R
_Unwind_Resume@LIBC_R
_Unwind_SetGR@LIBC_R
_Unwind_SetIP@LIBC_R
__ctype_get_mb_cur_max@LIBC
__cxa_atexit@LIBC
__cxa_finalize@LIBC
__cxa_finalize@LIBC
__cxa_finalize@LIBC
__cxa_finalize@LIBC
__cxa_thread_atexit_impl@LIBC
__errno@LIBC
__fwrite_chk@LIBC_N
__gnu_strerror_r@LIBC
__libc_init@LIBC
__open_2@LIBC
__read_chk@LIBC
__stack_chk_fail@LIBC
__stack_chk_fail@LIBC
__stack_chk_fail@LIBC
__stack_chk_fail@LIBC
__stack_chk_fail@LIBC
__strlen_chk@LIBC
__system_property_get@LIBC
__vsnprintf_chk@LIBC
abort@LIBC
android_set_abort_message@LIBC
btowc@LIBC
calloc@LIBC
clock_gettime@LIBC
close@LIBC
closelog@LIBC
fflush@LIBC
fprintf@LIBC
fputc@LIBC
free@LIBC
freelocale@LIBC
fwrite@LIBC
getauxval@LIBC
getc@LIBC
iswalpha_l@LIBC
iswblank_l@LIBC
iswcntrl_l@LIBC
iswdigit_l@LIBC
iswlower_l@LIBC
iswprint_l@LIBC
iswpunct_l@LIBC
iswspace_l@LIBC
iswupper_l@LIBC
iswxdigit_l@LIBC
localeconv@LIBC
malloc@LIBC
mbrlen@LIBC
mbrtowc@LIBC
mbsnrtowcs@LIBC
mbsrtowcs@LIBC
mbtowc@LIBC
memchr@LIBC
memcmp@LIBC
memcpy@LIBC
memmove@LIBC
memset@LIBC
memset@LIBC
memset@LIBC
memset@LIBC
memset@LIBC
nanosleep@LIBC
newlocale@LIBC
openlog@LIBC
posix_memalign@LIBC
pthread_cond_broadcast@LIBC
pthread_cond_destroy@LIBC
pthread_cond_signal@LIBC
pthread_cond_timedwait@LIBC
pthread_cond_wait@LIBC
pthread_detach@LIBC
pthread_equal@LIBC
pthread_getspecific@LIBC
pthread_join@LIBC
pthread_key_create@LIBC
pthread_mutex_destroy@LIBC
pthread_mutex_init@LIBC
pthread_mutex_lock@LIBC
pthread_mutex_trylock@LIBC
pthread_mutex_unlock@LIBC
pthread_mutexattr_destroy@LIBC
pthread_mutexattr_init@LIBC
pthread_mutexattr_settype@LIBC
pthread_once@LIBC
pthread_self@LIBC
pthread_setspecific@LIBC
realloc@LIBC
sched_yield@LIBC
setlocale@LIBC
snprintf@LIBC
sscanf@LIBC
strcmp@LIBC
strcoll_l@LIBC
strftime_l@LIBC
strlen@LIBC
strlen@LIBC
strlen@LIBC
strlen@LIBC
strncmp@LIBC
strtod@LIBC
strtod_l@LIBC_O
strtof@LIBC
strtof_l@LIBC_O
strtol@LIBC
strtold@LIBC
strtold_l@LIBC
strtoll@LIBC
strtoll_l@LIBC
strtoul@LIBC
strtoull@LIBC
strtoull_l@LIBC
strxfrm_l@LIBC
swprintf@LIBC
sysconf@LIBC
syslog@LIBC
towlower_l@LIBC
towupper_l@LIBC
ungetc@LIBC
uselocale@LIBC
vasprintf@LIBC
vfprintf@LIBC
vsnprintf@LIBC
vsscanf@LIBC
wcrtomb@LIBC
wcscoll_l@LIBC
wcslen@LIBC
wcsnrtombs@LIBC
wcstod@LIBC
wcstof@LIBC
wcstol@LIBC
wcstold@LIBC
wcstoll@LIBC
wcstoul@LIBC
wcstoull@LIBC
wcsxfrm_l@LIBC
wctob@LIBC
wmemchr@LIBC
wmemcmp@LIBC
wmemcpy@LIBC
wmemmove@LIBC
wmemset@LIBC
